// Jest Snapshot v1, https://goo.gl/fbAQLP

exports[`<WithOffenderDetails /> with all props it renders children 1`] = `
<h1>
  Hello
</h1>
`;
